public|ChangeOrderStatus|PENDING,APPROVED,REJECTED
public|InvoiceStatus|DRAFT,SENT,PAID,OVERDUE,CANCELLED
public|JobPhaseName|UG,RI,FN
public|JobStatus|ESTIMATE,SCHEDULED,DISPATCHED,IN_PROGRESS,COMPLETED,BILLED,CANCELLED
public|JobType|SERVICE_CALL,COMMERCIAL_PROJECT,INSTALLATION
public|LeadSource|WEBSITE,REFERRAL,GOOGLE_ADS,FACEBOOK,YELLOW_PAGES,WORD_OF_MOUTH,REPEAT_CUSTOMER,OTHER
public|LeadStatus|COLD_LEAD,WARM_LEAD,ESTIMATE_REQUESTED,ESTIMATE_SENT,ESTIMATE_APPROVED,JOB_SCHEDULED,JOB_IN_PROGRESS,JOB_COMPLETED,INVOICED,PAID,LOST,FOLLOW_UP_REQUIRED
public|LocationType|WAREHOUSE,SHOP,TRUCK,OFFICE,SUPPLIER
public|PhaseStatus|NOT_STARTED,IN_PROGRESS,COMPLETED
public|UserRole|ADMIN,OFFICE,FIELD_CREW
public|break_type|LUNCH,SHORT_BREAK,PERSONAL,MEETING,TRAVEL,OTHER
public|service_call_status|NEW,ASSIGNED,DISPATCHED,EN_ROUTE,ON_SITE,IN_PROGRESS,COMPLETED,CANCELLED,BILLED
public|service_call_type|EMERGENCY,ROUTINE,SCHEDULED,CALLBACK,WARRANTY,MAINTENANCE
public|service_priority|LOW,NORMAL,HIGH,URGENT,EMERGENCY
public|time_entry_status|ACTIVE,COMPLETED,SUBMITTED,APPROVED,REJECTED,PAID
public|user_role|OWNER,ADMIN,OFFICE,TECHNICIAN,VIEWER,OWNER_ADMIN,FOREMAN,EMPLOYEE
